
[1m[46m RUN [49m[22m [36mv4.0.17 [39m[90mD:/code/workspace/webmx/ui[39m

stderr | src/components/modal/Modal.test.ts > Modal Component > emits open event when opened
Warning: `DialogContent` requires a `DialogTitle` for the component to be accessible for screen reader users.

If you want to hide the `DialogTitle`, you can wrap it with our VisuallyHidden component.

For more information, see https://www.radix-vue.com/components/dialog.html#title

stderr | src/components/modal/Modal.test.ts > Modal Component > emits close event when closed
Warning: `DialogContent` requires a `DialogTitle` for the component to be accessible for screen reader users.

If you want to hide the `DialogTitle`, you can wrap it with our VisuallyHidden component.

For more information, see https://www.radix-vue.com/components/dialog.html#title

stderr | src/components/modal/Modal.test.ts > Modal Component > applies correct size classes
Warning: `DialogContent` requires a `DialogTitle` for the component to be accessible for screen reader users.

If you want to hide the `DialogTitle`, you can wrap it with our VisuallyHidden component.

For more information, see https://www.radix-vue.com/components/dialog.html#title

stderr | src/components/modal/Modal.test.ts > Modal Component > applies correct size classes
Warning: `DialogContent` requires a `DialogTitle` for the component to be accessible for screen reader users.

If you want to hide the `DialogTitle`, you can wrap it with our VisuallyHidden component.

For more information, see https://www.radix-vue.com/components/dialog.html#title

stderr | src/components/modal/Modal.test.ts > Modal Component > applies correct size classes
Warning: `DialogContent` requires a `DialogTitle` for the component to be accessible for screen reader users.

If you want to hide the `DialogTitle`, you can wrap it with our VisuallyHidden component.

For more information, see https://www.radix-vue.com/components/dialog.html#title

stderr | src/components/modal/Modal.test.ts > Modal Component > applies correct size classes
Warning: `DialogContent` requires a `DialogTitle` for the component to be accessible for screen reader users.

If you want to hide the `DialogTitle`, you can wrap it with our VisuallyHidden component.

For more information, see https://www.radix-vue.com/components/dialog.html#title

stderr | src/components/modal/Modal.test.ts > Modal Component > applies correct size classes
Warning: `DialogContent` requires a `DialogTitle` for the component to be accessible for screen reader users.

If you want to hide the `DialogTitle`, you can wrap it with our VisuallyHidden component.

For more information, see https://www.radix-vue.com/components/dialog.html#title

stderr | src/components/modal/Modal.test.ts > Modal Component > respects dismissible prop
Warning: `DialogContent` requires a `DialogTitle` for the component to be accessible for screen reader users.

If you want to hide the `DialogTitle`, you can wrap it with our VisuallyHidden component.

For more information, see https://www.radix-vue.com/components/dialog.html#title

stderr | src/components/modal/Modal.test.ts > Modal Component > renders footer slot
Warning: `DialogContent` requires a `DialogTitle` for the component to be accessible for screen reader users.

If you want to hide the `DialogTitle`, you can wrap it with our VisuallyHidden component.

For more information, see https://www.radix-vue.com/components/dialog.html#title

stderr | src/components/modal/Modal.test.ts > Modal Component > handles auto-close delay
Warning: `DialogContent` requires a `DialogTitle` for the component to be accessible for screen reader users.

If you want to hide the `DialogTitle`, you can wrap it with our VisuallyHidden component.

For more information, see https://www.radix-vue.com/components/dialog.html#title

 [31mÔØ»[39m src/components/modal/Modal.test.ts [2m([22m[2m9 tests[22m[2m | [22m[31m1 failed[39m[2m)[22m[33m 668[2mms[22m[39m
     [32mÔ£ô[39m renders when open is true[32m 185[2mms[22m[39m
     [32mÔ£ô[39m does not render when open is false[32m 13[2mms[22m[39m
     [32mÔ£ô[39m emits open event when opened[32m 93[2mms[22m[39m
     [32mÔ£ô[39m emits close event when closed[32m 47[2mms[22m[39m
     [32mÔ£ô[39m applies correct size classes[32m 179[2mms[22m[39m
     [32mÔ£ô[39m applies severity classes and shows icon[32m 36[2mms[22m[39m
     [32mÔ£ô[39m respects dismissible prop[32m 30[2mms[22m[39m
     [32mÔ£ô[39m renders footer slot[32m 34[2mms[22m[39m
[31m     [31m├ù[31m handles auto-close delay[39m[32m 45[2mms[22m[39m

ÔÄ»ÔÄ»ÔÄ»ÔÄ»ÔÄ»ÔÄ»ÔÄ» Failed Tests 1 ÔÄ»ÔÄ»ÔÄ»ÔÄ»ÔÄ»ÔÄ»ÔÄ»

 FAIL  src/components/modal/Modal.test.ts > Modal Component > handles auto-close delay
TypeError: Cannot read properties of undefined (reading '0')
 ÔØ» src/components/modal/Modal.test.ts:141:47
    139|     await nextTick();
    140| 
    141|     expect(wrapper.emitted("update:modelValue")![0]).toEqual([false]);
       |                                               ^
    142|     vi.useRealTimers();
    143|   });

ÔÄ»ÔÄ»ÔÄ»ÔÄ»ÔÄ»ÔÄ»ÔÄ»ÔÄ»ÔÄ»ÔÄ»ÔÄ»ÔÄ»ÔÄ»ÔÄ»ÔÄ»ÔÄ»ÔÄ»ÔÄ»ÔÄ»ÔÄ»ÔÄ»ÔÄ»ÔÄ»ÔÄ»[1/1]ÔÄ»


[2m Test Files [22m [1m[31m1 failed[39m[22m[90m (1)[39m
[2m      Tests [22m [1m[31m1 failed[39m[22m[2m | [22m[1m[32m8 passed[39m[22m[90m (9)[39m
[2m   Start at [22m 17:06:46
[2m   Duration [22m 4.41s[2m (transform 1.10s, setup 452ms, import 1.21s, tests 668ms, environment 1.53s)[22m

